This is pdfTeX, Version 3.141592653-2.6-1.40.28 (MiKTeX 25.12) (preloaded format=pdflatex 2026.6.12)  12 JUN 2026 03:45
entering extended mode
 restricted \write18 enabled.
 %&-line parsing enabled.
**./main.tex
(main.tex
LaTeX2e <2025-11-01>
L3 programming layer <2025-12-24>
(C:\Users\emman\AppData\Local\Programs\MiKTeX\tex/latex/base\article.cls
Document Class: article 2025/01/22 v1.4n Standard LaTeX document class
(C:\Users\emman\AppData\Local\Programs\MiKTeX\tex/latex/base\size10.clo
File: size10.clo 2025/01/22 v1.4n Standard LaTeX file (size option)
)
\c@part=\count275
\c@section=\count276
\c@subsection=\count277
\c@subsubsection=\count278
\c@paragraph=\count279
\c@subparagraph=\count280
\c@figure=\count281
\c@table=\count282
\abovecaptionskip=\skip49
\belowcaptionskip=\skip50
\bibindent=\dimen148
)
(C:\Users\emman\AppData\Local\Programs\MiKTeX\tex/latex/geometry\geometry.sty
Package: geometry 2026/03/07 v6.0 Page Geometry

(C:\Users\emman\AppData\Local\Programs\MiKTeX\tex/latex/graphics\keyval.sty
Package: keyval 2022/05/29 v1.15 key=value parser (DPC)
\KV@toks@=\toks17
)
(C:\Users\emman\AppData\Local\Programs\MiKTeX\tex/generic/iftex\ifvtex.sty
Package: ifvtex 2019/10/25 v1.7 ifvtex legacy package. Use iftex instead.

(C:\Users\emman\AppData\Local\Programs\MiKTeX\tex/generic/iftex\iftex.sty
Package: iftex 2024/12/12 v1.0g TeX engine tests
))
\Gm@cnth=\count283
\Gm@cntv=\count284
\c@Gm@tempcnt=\count285
\Gm@bindingoffset=\dimen149
\Gm@wd@mp=\dimen150
\Gm@odd@mp=\dimen151
\Gm@even@mp=\dimen152
\Gm@layoutwidth=\dimen153
\Gm@layoutheight=\dimen154
\Gm@layouthoffset=\dimen155
\Gm@layoutvoffset=\dimen156
\Gm@dimlist=\toks18

(C:\Users\emman\AppData\Local\Programs\MiKTeX\tex/latex/geometry\geometry.cfg))

(C:\Users\emman\AppData\Local\Programs\MiKTeX\tex/latex/pdflscape\pdflscape.sty
Package: pdflscape 2022-10-27 v0.13 Display of landscape pages in PDF

(C:\Users\emman\AppData\Local\Programs\MiKTeX\tex/latex/pdflscape\pdflscape-nom
etadata.sty
Package: pdflscape-nometadata 2022-10-28 v0.13 Display of landscape pages in PD
F (HO)

(C:\Users\emman\AppData\Local\Programs\MiKTeX\tex/latex/graphics\lscape.sty
Package: lscape 2020/05/28 v3.02 Landscape Pages (DPC)

(C:\Users\emman\AppData\Local\Programs\MiKTeX\tex/latex/graphics\graphics.sty
Package: graphics 2024/08/06 v1.4g Standard LaTeX Graphics (DPC,SPQR)

(C:\Users\emman\AppData\Local\Programs\MiKTeX\tex/latex/graphics\trig.sty
Package: trig 2023/12/02 v1.11 sin cos tan (DPC)
)
(C:\Users\emman\AppData\Local\Programs\MiKTeX\tex/latex/graphics-cfg\graphics.c
fg
File: graphics.cfg 2016/06/04 v1.11 sample graphics configuration
)
Package graphics Info: Driver file: pdftex.def on input line 106.

(C:\Users\emman\AppData\Local\Programs\MiKTeX\tex/latex/graphics-def\pdftex.def
File: pdftex.def 2025/09/29 v1.2d Graphics/color driver for pdftex
)))
Package pdflscape Info: Auto-detected driver: pdftex on input line 81.
)) (C:\Users\emman\AppData\Local\Programs\MiKTeX\tex/latex/xcolor\xcolor.sty
Package: xcolor 2024/09/29 v3.02 LaTeX color extensions (UK)
(C:\Users\emman\AppData\Local\Programs\MiKTeX\tex/latex/graphics-cfg\color.cfg
File: color.cfg 2016/01/02 v1.6 sample color configuration
)
Package xcolor Info: Driver file: pdftex.def on input line 274.
(C:\Users\emman\AppData\Local\Programs\MiKTeX\tex/latex/graphics\mathcolor.ltx)
Package xcolor Info: Model `cmy' substituted by `cmy0' on input line 1349.
Package xcolor Info: Model `hsb' substituted by `rgb' on input line 1353.
Package xcolor Info: Model `RGB' extended on input line 1365.
Package xcolor Info: Model `HTML' substituted by `rgb' on input line 1367.
Package xcolor Info: Model `Hsb' substituted by `hsb' on input line 1368.
Package xcolor Info: Model `tHsb' substituted by `hsb' on input line 1369.
Package xcolor Info: Model `HSB' substituted by `hsb' on input line 1370.
Package xcolor Info: Model `Gray' substituted by `gray' on input line 1371.
Package xcolor Info: Model `wave' substituted by `hsb' on input line 1372.
) (C:\Users\emman\AppData\Local\Programs\MiKTeX\tex/latex/amsmath\amsmath.sty
Package: amsmath 2025/07/09 v2.17z AMS math features
\@mathmargin=\skip51

For additional information on amsmath, use the `?' option.
(C:\Users\emman\AppData\Local\Programs\MiKTeX\tex/latex/amsmath\amstext.sty
Package: amstext 2024/11/17 v2.01 AMS text

(C:\Users\emman\AppData\Local\Programs\MiKTeX\tex/latex/amsmath\amsgen.sty
File: amsgen.sty 1999/11/30 v2.0 generic functions
\@emptytoks=\toks19
\ex@=\dimen157
))
(C:\Users\emman\AppData\Local\Programs\MiKTeX\tex/latex/amsmath\amsbsy.sty
Package: amsbsy 1999/11/29 v1.2d Bold Symbols
\pmbraise@=\dimen158
)
(C:\Users\emman\AppData\Local\Programs\MiKTeX\tex/latex/amsmath\amsopn.sty
Package: amsopn 2022/04/08 v2.04 operator names
)
\inf@bad=\count286
LaTeX Info: Redefining \frac on input line 233.
\uproot@=\count287
\leftroot@=\count288
LaTeX Info: Redefining \overline on input line 398.
LaTeX Info: Redefining \colon on input line 409.
\classnum@=\count289
\DOTSCASE@=\count290
LaTeX Info: Redefining \ldots on input line 495.
LaTeX Info: Redefining \dots on input line 498.
LaTeX Info: Redefining \cdots on input line 619.
\Mathstrutbox@=\box53
\strutbox@=\box54
LaTeX Info: Redefining \big on input line 721.
LaTeX Info: Redefining \Big on input line 722.
LaTeX Info: Redefining \bigg on input line 723.
LaTeX Info: Redefining \Bigg on input line 724.
\big@size=\dimen159
LaTeX Font Info:    Redeclaring font encoding OML on input line 742.
LaTeX Font Info:    Redeclaring font encoding OMS on input line 743.
\macc@depth=\count291
LaTeX Info: Redefining \bmod on input line 904.
LaTeX Info: Redefining \pmod on input line 909.
LaTeX Info: Redefining \smash on input line 939.
LaTeX Info: Redefining \relbar on input line 969.
LaTeX Info: Redefining \Relbar on input line 970.
\c@MaxMatrixCols=\count292
\dotsspace@=\muskip17
\c@parentequation=\count293
\dspbrk@lvl=\count294
\tag@help=\toks20
\row@=\count295
\column@=\count296
\maxfields@=\count297
\andhelp@=\toks21
\eqnshift@=\dimen160
\alignsep@=\dimen161
\tagshift@=\dimen162
\tagwidth@=\dimen163
\totwidth@=\dimen164
\lineht@=\dimen165
\@envbody=\toks22
\multlinegap=\skip52
\multlinetaggap=\skip53
\mathdisplay@stack=\toks23
LaTeX Info: Redefining \[ on input line 2950.
LaTeX Info: Redefining \] on input line 2951.
)
(C:\Users\emman\AppData\Local\Programs\MiKTeX\tex/latex/amsfonts\amssymb.sty
Package: amssymb 2013/01/14 v3.01 AMS font symbols

(C:\Users\emman\AppData\Local\Programs\MiKTeX\tex/latex/amsfonts\amsfonts.sty
Package: amsfonts 2013/01/14 v3.01 Basic AMSFonts support
\symAMSa=\mathgroup4
\symAMSb=\mathgroup5
LaTeX Font Info:    Redeclaring math symbol \hbar on input line 98.
LaTeX Font Info:    Overwriting math alphabet `\mathfrak' in version `bold'
(Font)                  U/euf/m/n --> U/euf/b/n on input line 106.
)) (C:\Users\emman\AppData\Local\Programs\MiKTeX\tex/latex/float\float.sty
Package: float 2001/11/08 v1.3d Float enhancements (AL)
\c@float@type=\count298
\float@exts=\toks24
\float@box=\box55
\@float@everytoks=\toks25
\@floatcapt=\box56
)
(C:\Users\emman\AppData\Local\Programs\MiKTeX\tex/latex/graphics\graphicx.sty
Package: graphicx 2024/12/31 v1.2e Enhanced LaTeX Graphics (DPC,SPQR)
\Gin@req@height=\dimen166
\Gin@req@width=\dimen167
)
(C:\Users\emman\AppData\Local\Programs\MiKTeX\tex/latex/base\fontenc.sty
Package: fontenc 2025/07/18 v2.1d Standard LaTeX package
)
(C:\Users\emman\AppData\Local\Programs\MiKTeX\tex/latex/base\inputenc.sty
Package: inputenc 2024/02/08 v1.3d Input encoding file
\inpenc@prehook=\toks26
\inpenc@posthook=\toks27
)
(C:\Users\emman\AppData\Local\Programs\MiKTeX\tex/latex/base\textcomp.sty
Package: textcomp 2024/04/24 v2.1b Standard LaTeX package
)
(C:\Users\emman\AppData\Local\Programs\MiKTeX\tex/latex/lm\lmodern.sty
Package: lmodern 2015/05/01 v1.6.1 Latin Modern Fonts
LaTeX Font Info:    Overwriting symbol font `operators' in version `normal'
(Font)                  OT1/cmr/m/n --> OT1/lmr/m/n on input line 22.
LaTeX Font Info:    Overwriting symbol font `letters' in version `normal'
(Font)                  OML/cmm/m/it --> OML/lmm/m/it on input line 23.
LaTeX Font Info:    Overwriting symbol font `symbols' in version `normal'
(Font)                  OMS/cmsy/m/n --> OMS/lmsy/m/n on input line 24.
LaTeX Font Info:    Overwriting symbol font `largesymbols' in version `normal'
(Font)                  OMX/cmex/m/n --> OMX/lmex/m/n on input line 25.
LaTeX Font Info:    Overwriting symbol font `operators' in version `bold'
(Font)                  OT1/cmr/bx/n --> OT1/lmr/bx/n on input line 26.
LaTeX Font Info:    Overwriting symbol font `letters' in version `bold'
(Font)                  OML/cmm/b/it --> OML/lmm/b/it on input line 27.
LaTeX Font Info:    Overwriting symbol font `symbols' in version `bold'
(Font)                  OMS/cmsy/b/n --> OMS/lmsy/b/n on input line 28.
LaTeX Font Info:    Overwriting symbol font `largesymbols' in version `bold'
(Font)                  OMX/cmex/m/n --> OMX/lmex/m/n on input line 29.
LaTeX Font Info:    Overwriting math alphabet `\mathbf' in version `normal'
(Font)                  OT1/cmr/bx/n --> OT1/lmr/bx/n on input line 31.
LaTeX Font Info:    Overwriting math alphabet `\mathsf' in version `normal'
(Font)                  OT1/cmss/m/n --> OT1/lmss/m/n on input line 32.
LaTeX Font Info:    Overwriting math alphabet `\mathit' in version `normal'
(Font)                  OT1/cmr/m/it --> OT1/lmr/m/it on input line 33.
LaTeX Font Info:    Overwriting math alphabet `\mathtt' in version `normal'
(Font)                  OT1/cmtt/m/n --> OT1/lmtt/m/n on input line 34.
LaTeX Font Info:    Overwriting math alphabet `\mathbf' in version `bold'
(Font)                  OT1/cmr/bx/n --> OT1/lmr/bx/n on input line 35.
LaTeX Font Info:    Overwriting math alphabet `\mathsf' in version `bold'
(Font)                  OT1/cmss/bx/n --> OT1/lmss/bx/n on input line 36.
LaTeX Font Info:    Overwriting math alphabet `\mathit' in version `bold'
(Font)                  OT1/cmr/bx/it --> OT1/lmr/bx/it on input line 37.
LaTeX Font Info:    Overwriting math alphabet `\mathtt' in version `bold'
(Font)                  OT1/cmtt/m/n --> OT1/lmtt/m/n on input line 38.
)
(C:\Users\emman\AppData\Local\Programs\MiKTeX\tex/latex/upquote\upquote.sty
Package: upquote 2012/04/19 v1.3 upright-quote and grave-accent glyphs in verba
tim
)
(C:\Users\emman\AppData\Local\Programs\MiKTeX\tex/latex/microtype\microtype.sty
Package: microtype 2026/03/01 v3.2d Micro-typographical refinements (RS)
(C:\Users\emman\AppData\Local\Programs\MiKTeX\tex/latex/etoolbox\etoolbox.sty
Package: etoolbox 2025/10/02 v2.5m e-TeX tools for LaTeX (JAW)
\etb@tempcnta=\count299
)
\MT@toks=\toks28
\MT@tempbox=\box57
\MT@count=\count300
LaTeX Info: Redefining \noprotrusionifhmode on input line 1084.
LaTeX Info: Redefining \leftprotrusion on input line 1085.
\MT@prot@toks=\toks29
LaTeX Info: Redefining \rightprotrusion on input line 1104.
LaTeX Info: Redefining \textls on input line 1449.
\MT@outer@kern=\dimen168
LaTeX Info: Redefining \microtypecontext on input line 2053.
LaTeX Info: Redefining \textmicrotypecontext on input line 2070.
\MT@listname@count=\count301

(C:\Users\emman\AppData\Local\Programs\MiKTeX\tex/latex/microtype\microtype-pdf
tex.def
File: microtype-pdftex.def 2026/03/01 v3.2d Definitions specific to pdftex (RS)

LaTeX Info: Redefining \lsstyle on input line 944.
LaTeX Info: Redefining \lslig on input line 944.
\MT@outer@space=\skip54
)
Package microtype Info: Loading configuration file microtype.cfg.

(C:\Users\emman\AppData\Local\Programs\MiKTeX\tex/latex/microtype\microtype.cfg
File: microtype.cfg 2026/03/01 v3.2d microtype main configuration file (RS)
)
LaTeX Info: Redefining \microtypesetup on input line 3065.
) (C:\Users\emman\AppData\Local\Programs\MiKTeX\tex/latex/parskip\parskip.sty
Package: parskip 2021-03-14 v2.0h non-zero parskip adjustments

(C:\Users\emman\AppData\Local\Programs\MiKTeX\tex/latex/kvoptions\kvoptions.sty
Package: kvoptions 2022-06-15 v3.15 Key value format for package options (HO)
(C:\Users\emman\AppData\Local\Programs\MiKTeX\tex/generic/ltxcmds\ltxcmds.sty
Package: ltxcmds 2023-12-04 v1.26 LaTeX kernel commands for general use (HO)
)
(C:\Users\emman\AppData\Local\Programs\MiKTeX\tex/latex/kvsetkeys\kvsetkeys.sty
Package: kvsetkeys 2022-10-05 v1.19 Key value parser (HO)
)))
(C:\Users\emman\AppData\Local\Programs\MiKTeX\tex/latex/fancyvrb\fancyvrb.sty
Package: fancyvrb 2026/04/16 4.6a verbatim text (tvz,hv)
\FV@CodeLineNo=\count302
\FV@InFile=\read2
\FV@TabBox=\box58
\c@FancyVerbLine=\count303
\FV@StepNumber=\count304
\FV@OutFile=\write3
)
(C:\Users\emman\AppData\Local\Programs\MiKTeX\tex/latex/tools\longtable.sty
Package: longtable 2025-10-13 v4.24 Multi-page Table package (DPC)
\LTleft=\skip55
\LTright=\skip56
\LTpre=\skip57
\LTpost=\skip58
\LTchunksize=\count305
\LTcapwidth=\dimen169
\LT@head=\box59
\LT@firsthead=\box60
\LT@foot=\box61
\LT@lastfoot=\box62
\LT@gbox=\box63
\LT@cols=\count306
\LT@rows=\count307
\c@LT@tables=\count308
\c@LT@chunks=\count309
\LT@p@ftn=\toks30
)
(C:\Users\emman\AppData\Local\Programs\MiKTeX\tex/latex/booktabs\booktabs.sty
Package: booktabs 2020/01/12 v1.61803398 Publication quality tables
\heavyrulewidth=\dimen170
\lightrulewidth=\dimen171
\cmidrulewidth=\dimen172
\belowrulesep=\dimen173
\belowbottomsep=\dimen174
\aboverulesep=\dimen175
\abovetopsep=\dimen176
\cmidrulesep=\dimen177
\cmidrulekern=\dimen178
\defaultaddspace=\dimen179
\@cmidla=\count310
\@cmidlb=\count311
\@aboverulesep=\dimen180
\@belowrulesep=\dimen181
\@thisruleclass=\count312
\@lastruleclass=\count313
\@thisrulewidth=\dimen182
)
(C:\Users\emman\AppData\Local\Programs\MiKTeX\tex/latex/tools\array.sty
Package: array 2025/09/25 v2.6n Tabular extension package (FMi)
\col@sep=\dimen183
\ar@mcellbox=\box64
\extrarowheight=\dimen184
\NC@list=\toks31
\extratabsurround=\skip59
\backup@length=\skip60
\ar@cellbox=\box65
)
\c@none=\count314

(C:\Users\emman\AppData\Local\Programs\MiKTeX\tex/latex/tools\calc.sty
Package: calc 2025/03/01 v4.3b Infix arithmetic (KKT,FJ)
\calc@Acount=\count315
\calc@Bcount=\count316
\calc@Adimen=\dimen185
\calc@Bdimen=\dimen186
\calc@Askip=\skip61
\calc@Bskip=\skip62
LaTeX Info: Redefining \setlength on input line 86.
LaTeX Info: Redefining \addtolength on input line 87.
\calc@Ccount=\count317
\calc@Cskip=\skip63
)
(C:\Users\emman\AppData\Local\Programs\MiKTeX\tex/latex/footnotehyper\footnoteh
yper.sty
Package: footnotehyper 2025/11/15 v1.1f hyperref aware footnote.sty (JFB)
\FNH@notes=\box66
\FNH@width=\dimen187
\FNH@toks=\toks32
)
\pandoc@box=\box67

(C:\Users\emman\AppData\Local\Programs\MiKTeX\tex/latex/bookmark\bookmark.sty
Package: bookmark 2026-05-21 v1.32 PDF bookmarks (HO)

(C:\Users\emman\AppData\Local\Programs\MiKTeX\tex/latex/hyperref\hyperref.sty
Package: hyperref 2025-07-12 v7.01o Hypertext links for LaTeX

(C:\Users\emman\AppData\Local\Programs\MiKTeX\tex/generic/kvdefinekeys\kvdefine
keys.sty
Package: kvdefinekeys 2019-12-19 v1.6 Define keys (HO)
)
(C:\Users\emman\AppData\Local\Programs\MiKTeX\tex/generic/pdfescape\pdfescape.s
ty
Package: pdfescape 2019/12/09 v1.15 Implements pdfTeX's escape features (HO)

(C:\Users\emman\AppData\Local\Programs\MiKTeX\tex/generic/pdftexcmds\pdftexcmds
.sty
Package: pdftexcmds 2020-06-27 v0.33 Utility functions of pdfTeX for LuaTeX (HO
)

(C:\Users\emman\AppData\Local\Programs\MiKTeX\tex/generic/infwarerr\infwarerr.s
ty
Package: infwarerr 2019/12/03 v1.5 Providing info/warning/error messages (HO)
)
Package pdftexcmds Info: \pdf@primitive is available.
Package pdftexcmds Info: \pdf@ifprimitive is available.
Package pdftexcmds Info: \pdfdraftmode found.
))
(C:\Users\emman\AppData\Local\Programs\MiKTeX\tex/latex/hycolor\hycolor.sty
Package: hycolor 2020-01-27 v1.10 Color options for hyperref/bookmark (HO)
)
(C:\Users\emman\AppData\Local\Programs\MiKTeX\tex/latex/hyperref\nameref.sty
Package: nameref 2025-06-21 v2.57 Cross-referencing by name of section

(C:\Users\emman\AppData\Local\Programs\MiKTeX\tex/latex/refcount\refcount.sty
Package: refcount 2019/12/15 v3.6 Data extraction from label references (HO)
)
(C:\Users\emman\AppData\Local\Programs\MiKTeX\tex/generic/gettitlestring\gettit
lestring.sty
Package: gettitlestring 2019/12/15 v1.6 Cleanup title references (HO)
)
\c@section@level=\count318
)
(C:\Users\emman\AppData\Local\Programs\MiKTeX\tex/generic/stringenc\stringenc.s
ty
Package: stringenc 2019/11/29 v1.12 Convert strings between diff. encodings (HO
)
)
\@linkdim=\dimen188
\Hy@linkcounter=\count319
\Hy@pagecounter=\count320
 (C:\Users\emman\AppData\Local\Programs\MiKTeX\tex/latex/hyperref\pd1enc.def
File: pd1enc.def 2025-07-12 v7.01o Hyperref: PDFDocEncoding definition (HO)
Now handling font encoding PD1 ...
... no UTF-8 mapping file for font encoding PD1
) (C:\Users\emman\AppData\Local\Programs\MiKTeX\tex/generic/intcalc\intcalc.sty
Package: intcalc 2019/12/15 v1.3 Expandable calculations with integers (HO)
)
\Hy@SavedSpaceFactor=\count321
 (C:\Users\emman\AppData\Local\Programs\MiKTeX\tex/latex/hyperref\puenc.def
File: puenc.def 2025-07-12 v7.01o Hyperref: PDF Unicode definition (HO)
Now handling font encoding PU ...
... no UTF-8 mapping file for font encoding PU
)
Package hyperref Info: Option `unicode' set `true' on input line 4066.
Package hyperref Info: Hyper figures OFF on input line 4195.
Package hyperref Info: Link nesting OFF on input line 4200.
Package hyperref Info: Hyper index ON on input line 4203.
Package hyperref Info: Plain pages OFF on input line 4210.
Package hyperref Info: Backreferencing OFF on input line 4215.
Package hyperref Info: Implicit mode ON; LaTeX internals redefined.
Package hyperref Info: Bookmarks ON on input line 4462.
\c@Hy@tempcnt=\count322

(C:\Users\emman\AppData\Local\Programs\MiKTeX\tex/latex/url\url.sty
\Urlmuskip=\muskip18
Package: url 2013/09/16  ver 3.4  Verb mode for urls, etc.
)
LaTeX Info: Redefining \url on input line 4801.
\XeTeXLinkMargin=\dimen189

(C:\Users\emman\AppData\Local\Programs\MiKTeX\tex/generic/bitset\bitset.sty
Package: bitset 2019/12/09 v1.3 Handle bit-vector datatype (HO)

(C:\Users\emman\AppData\Local\Programs\MiKTeX\tex/generic/bigintcalc\bigintcalc
.sty
Package: bigintcalc 2019/12/15 v1.5 Expandable calculations on big integers (HO
)
))
\Fld@menulength=\count323
\Field@Width=\dimen190
\Fld@charsize=\dimen191
Package hyperref Info: Hyper figures OFF on input line 6078.
Package hyperref Info: Link nesting OFF on input line 6083.
Package hyperref Info: Hyper index ON on input line 6086.
Package hyperref Info: backreferencing OFF on input line 6093.
Package hyperref Info: Link coloring OFF on input line 6098.
Package hyperref Info: Link coloring with OCG OFF on input line 6103.
Package hyperref Info: PDF/A mode OFF on input line 6108.
\Hy@abspage=\count324
\c@Item=\count325
\c@Hfootnote=\count326
)
Package hyperref Info: Driver (autodetected): hpdftex.

(C:\Users\emman\AppData\Local\Programs\MiKTeX\tex/latex/hyperref\hpdftex.def
File: hpdftex.def 2025-07-12 v7.01o Hyperref driver for pdfTeX
\Fld@listcount=\count327
\c@bookmark@seq@number=\count328

(C:\Users\emman\AppData\Local\Programs\MiKTeX\tex/latex/rerunfilecheck\rerunfil
echeck.sty
Package: rerunfilecheck 2025-06-21 v1.11 Rerun checks for auxiliary files (HO)

(C:\Users\emman\AppData\Local\Programs\MiKTeX\tex/generic/uniquecounter\uniquec
ounter.sty
Package: uniquecounter 2019/12/15 v1.4 Provide unlimited unique counter (HO)
)
Package uniquecounter Info: New unique counter `rerunfilecheck' on input line 2
84.
)
\Hy@SectionHShift=\skip64
)
(C:\Users\emman\AppData\Local\Programs\MiKTeX\tex/latex/l3backend\l3backend-pdf
tex.def
File: l3backend-pdftex.def 2025-10-09 L3 backend support: PDF output (pdfTeX)
\l__color_backend_stack_int=\count329
)
(C:\Users\emman\AppData\Local\Programs\MiKTeX\tex/latex/bookmark\bkm-pdftex.def
File: bkm-pdftex.def 2026-05-21 v1.32 bookmark driver for pdfTeX (HO)
\BKM@id=\count330
)) (C:\Users\emman\AppData\Local\Programs\MiKTeX\tex/latex/xurl\xurl.sty
Package: xurl 2022/01/09 v 0.10 modify URL breaks
)
LaTeX Font Info:    Trying to load font information for T1+lmr on input line 12
1.

(C:\Users\emman\AppData\Local\Programs\MiKTeX\tex/latex/lm\t1lmr.fd
File: t1lmr.fd 2015/05/01 v1.6.1 Font defs for Latin Modern
) (main.aux

LaTeX Warning: Label `fig:placeholder' multiply defined.


LaTeX Warning: Label `fig:placeholder' multiply defined.

)
\openout1 = `main.aux'.

LaTeX Font Info:    Checking defaults for OML/cmm/m/it on input line 121.
LaTeX Font Info:    ... okay on input line 121.
LaTeX Font Info:    Checking defaults for OMS/cmsy/m/n on input line 121.
LaTeX Font Info:    ... okay on input line 121.
LaTeX Font Info:    Checking defaults for OT1/cmr/m/n on input line 121.
LaTeX Font Info:    ... okay on input line 121.
LaTeX Font Info:    Checking defaults for T1/cmr/m/n on input line 121.
LaTeX Font Info:    ... okay on input line 121.
LaTeX Font Info:    Checking defaults for TS1/cmr/m/n on input line 121.
LaTeX Font Info:    ... okay on input line 121.
LaTeX Font Info:    Checking defaults for OMX/cmex/m/n on input line 121.
LaTeX Font Info:    ... okay on input line 121.
LaTeX Font Info:    Checking defaults for U/cmr/m/n on input line 121.
LaTeX Font Info:    ... okay on input line 121.
LaTeX Font Info:    Checking defaults for PD1/pdf/m/n on input line 121.
LaTeX Font Info:    ... okay on input line 121.
LaTeX Font Info:    Checking defaults for PU/pdf/m/n on input line 121.
LaTeX Font Info:    ... okay on input line 121.

*geometry* driver: auto-detecting
*geometry* detected driver: pdftex
*geometry* verbose mode - [ preamble ] result:
* driver: pdftex
* paper: <default>
* layout: <same size as paper>
* layoutoffset:(h,v)=(0.0pt,0.0pt)
* modes: 
* h-part:(L,W,R)=(56.9055pt, 500.484pt, 56.9055pt)
* v-part:(T,H,B)=(56.9055pt, 681.15898pt, 56.9055pt)
* \paperwidth=614.295pt
* \paperheight=794.96999pt
* \textwidth=500.484pt
* \textheight=681.15898pt
* \oddsidemargin=-15.36449pt
* \evensidemargin=-15.36449pt
* \topmargin=-52.36449pt
* \headheight=12.0pt
* \headsep=25.0pt
* \topskip=10.0pt
* \footskip=30.0pt
* \marginparwidth=65.0pt
* \marginparsep=11.0pt
* \columnsep=10.0pt
* \skip\footins=9.0pt plus 4.0pt minus 2.0pt
* \hoffset=0.0pt
* \voffset=0.0pt
* \mag=1000
* \@twocolumnfalse
* \@twosidefalse
* \@mparswitchfalse
* \@reversemarginfalse
* (1in=72.27pt=25.4mm, 1cm=28.453pt)


(C:\Users\emman\AppData\Local\Programs\MiKTeX\tex/context/base/mkii\supp-pdf.mk
ii
[Loading MPS to PDF converter (version 2006.09.02).]
\scratchcounter=\count331
\scratchdimen=\dimen192
\scratchbox=\box68
\nofMPsegments=\count332
\nofMParguments=\count333
\everyMPshowfont=\toks33
\MPscratchCnt=\count334
\MPscratchDim=\dimen193
\MPnumerator=\count335
\makeMPintoPDFobject=\count336
\everyMPtoPDFconversion=\toks34
)
(C:\Users\emman\AppData\Local\Programs\MiKTeX\tex/latex/epstopdf-pkg\epstopdf-b
ase.sty
Package: epstopdf-base 2020-01-24 v2.11 Base part for package epstopdf
Package epstopdf-base Info: Redefining graphics rule for `.eps' on input line 4
85.

(C:\Users\emman\AppData\Local\Programs\MiKTeX\tex/latex/00miktex\epstopdf-sys.c
fg
File: epstopdf-sys.cfg 2021/03/18 v2.0 Configuration of epstopdf for MiKTeX
))
LaTeX Info: Redefining \microtypecontext on input line 121.
Package microtype Info: Applying patch `item' on input line 121.
Package microtype Info: Applying patch `toc' on input line 121.
Package microtype Info: Applying patch `eqnum' on input line 121.
Package microtype Info: Applying patch `footnote' on input line 121.
Package microtype Info: Applying patch `verbatim' on input line 121.
LaTeX Info: Redefining \microtypesetup on input line 121.
Package microtype Info: Generating PDF output.
Package microtype Info: Character protrusion enabled (level 2).
Package microtype Info: Using protrusion set `basicmath'.
Package microtype Info: Automatic font expansion enabled (level 2),
(microtype)             stretch: 20, shrink: 20, step: 1, non-selected.
Package microtype Info: Using default expansion set `alltext-nott'.
Package microtype Info: Patching command `\showhyphens'.
Package microtype Info: No adjustment of tracking.
Package microtype Info: No adjustment of interword spacing.
Package microtype Info: No adjustment of character kerning.

(C:\Users\emman\AppData\Local\Programs\MiKTeX\tex/latex/microtype\mt-cmr.cfg
File: mt-cmr.cfg 2013/05/19 v2.2 microtype config. file: Computer Modern Roman 
(RS)
)
Package hyperref Info: Link coloring OFF on input line 121.
LaTeX Font Info:    Trying to load font information for TS1+lmr on input line 1
26.

(C:\Users\emman\AppData\Local\Programs\MiKTeX\tex/latex/lm\ts1lmr.fd
File: ts1lmr.fd 2015/05/01 v1.6.1 Font defs for Latin Modern
)
LaTeX Font Info:    Trying to load font information for T1+lmtt on input line 1
51.

(C:\Users\emman\AppData\Local\Programs\MiKTeX\tex/latex/lm\t1lmtt.fd
File: t1lmtt.fd 2015/05/01 v1.6.1 Font defs for Latin Modern
)
LaTeX Font Info:    Trying to load font information for TS1+lmtt on input line 
159.

(C:\Users\emman\AppData\Local\Programs\MiKTeX\tex/latex/lm\ts1lmtt.fd
File: ts1lmtt.fd 2015/05/01 v1.6.1 Font defs for Latin Modern
) [1

{C:/Users/emman/AppData/Local/MiKTeX/fonts/map/pdftex/pdftex.map}{C:/Users/emma
n/AppData/Local/Programs/MiKTeX/fonts/enc/dvips/lm/lm-ec.enc}{C:/Users/emman/Ap
pData/Local/Programs/MiKTeX/fonts/enc/dvips/lm/lm-ts1.enc}]
<images/capturas rush/orders-HR.png, id=26, 1445.4pt x 1315.16344pt>
File: images/capturas rush/orders-HR.png Graphic file (type png)
<use images/capturas rush/orders-HR.png>
Package pdftex.def Info: images/capturas rush/orders-HR.png  used on input line
 228.
(pdftex.def)             Requested size: 275.26772pt x 250.4656pt.
<images/capturas rush/production-HR.png, id=28, 1445.4pt x 1612.52437pt>
File: images/capturas rush/production-HR.png Graphic file (type png)
<use images/capturas rush/production-HR.png>
Package pdftex.def Info: images/capturas rush/production-HR.png  used on input 
line 234.
(pdftex.def)             Requested size: 275.26772pt x 307.09636pt.
 [2 <./images/capturas rush/orders-HR.png> <./images/capturas rush/production-H
R.png>]
<images/capturas rush/inventory-HR.png, id=37, 1927.2pt x 2253.41875pt>
File: images/capturas rush/inventory-HR.png Graphic file (type png)
<use images/capturas rush/inventory-HR.png>
Package pdftex.def Info: images/capturas rush/inventory-HR.png  used on input l
ine 244.
(pdftex.def)             Requested size: 225.21626pt x 263.3154pt.
<images/capturas rush/suppliers-HR.png, id=38, 1445.4pt x 1807.5028pt>
File: images/capturas rush/suppliers-HR.png Graphic file (type png)
<use images/capturas rush/suppliers-HR.png>
Package pdftex.def Info: images/capturas rush/suppliers-HR.png  used on input l
ine 252.
(pdftex.def)             Requested size: 225.21626pt x 281.6218pt.
 [3 <./images/capturas rush/inventory-HR.png>]
<images/capturas rush/retailers-HR.png, id=45, 1445.4pt x 1598.97375pt>
File: images/capturas rush/retailers-HR.png Graphic file (type png)
<use images/capturas rush/retailers-HR.png>
Package pdftex.def Info: images/capturas rush/retailers-HR.png  used on input l
ine 261.
(pdftex.def)             Requested size: 250.24199pt x 276.82361pt.
<images/capturas rush/financials-HR.png, id=46, 1445.4pt x 1806.75pt>
File: images/capturas rush/financials-HR.png Graphic file (type png)
<use images/capturas rush/financials-HR.png>
Package pdftex.def Info: images/capturas rush/financials-HR.png  used on input 
line 270.
(pdftex.def)             Requested size: 225.21626pt x 281.5045pt.
 [4 <./images/capturas rush/suppliers-HR.png> <./images/capturas rush/retailers
-HR.png>]
<images/capturas rush/reports-HR.png, id=55, 1445.4pt x 1640.37843pt>
File: images/capturas rush/reports-HR.png Graphic file (type png)
<use images/capturas rush/reports-HR.png>
Package pdftex.def Info: images/capturas rush/reports-HR.png  used on input lin
e 280.
(pdftex.def)             Requested size: 225.21626pt x 255.58263pt.
 [5 <./images/capturas rush/financials-HR.png> <./images/capturas rush/reports-
HR.png>]
<images/capturas rush/scenarios-HR.png, id=64, 1445.4pt x 1583.16469pt>
File: images/capturas rush/scenarios-HR.png Graphic file (type png)
<use images/capturas rush/scenarios-HR.png>
Package pdftex.def Info: images/capturas rush/scenarios-HR.png  used on input l
ine 290.
(pdftex.def)             Requested size: 225.21626pt x 246.66832pt.
<images/capturas rush/settings-HR.png, id=65, 1445.4pt x 1889.55937pt>
File: images/capturas rush/settings-HR.png Graphic file (type png)
<use images/capturas rush/settings-HR.png>
Package pdftex.def Info: images/capturas rush/settings-HR.png  used on input li
ne 301.
(pdftex.def)             Requested size: 225.21626pt x 294.40678pt.
 [6 <./images/capturas rush/scenarios-HR.png> <./images/capturas rush/settings-
HR.png>]
<images/provider.png, id=74, 786.94pt x 433.62pt>
File: images/provider.png Graphic file (type png)
<use images/provider.png>
Package pdftex.def Info: images/provider.png  used on input line 316.
(pdftex.def)             Requested size: 425.41444pt x 234.40935pt.
<images/manufacturer.png, id=75, 786.94pt x 304.13625pt>
File: images/manufacturer.png Graphic file (type png)
<use images/manufacturer.png>
Package pdftex.def Info: images/manufacturer.png  used on input line 335.
(pdftex.def)             Requested size: 425.41444pt x 164.41211pt.
<images/retailer.png, id=76, 786.94pt x 503.8825pt>
File: images/retailer.png Graphic file (type png)
<use images/retailer.png>
Package pdftex.def Info: images/retailer.png  used on input line 350.
(pdftex.def)             Requested size: 425.41444pt x 272.39235pt.
 [7 <./images/provider.png (PNG copy)> <./images/manufacturer.png (PNG copy)>]
<images/1_Assembly_capacity_expansion.png, id=87, 1258.7025pt x 997.7275pt>
File: images/1_Assembly_capacity_expansion.png Graphic file (type png)
<use images/1_Assembly_capacity_expansion.png>
Package pdftex.def Info: images/1_Assembly_capacity_expansion.png  used on inpu
t line 390.
(pdftex.def)             Requested size: 300.29344pt x 238.02843pt.
 [8 <./images/retailer.png (PNG copy)>]
<images/2_Total_daily_assembly_capacity.png, id=97, 1258.7025pt x 997.7275pt>
File: images/2_Total_daily_assembly_capacity.png Graphic file (type png)
<use images/2_Total_daily_assembly_capacity.png>
Package pdftex.def Info: images/2_Total_daily_assembly_capacity.png  used on in
put line 403.
(pdftex.def)             Requested size: 300.29344pt x 238.02843pt.
<images/3_Queued_assembly_hours_evolution.png, id=98, 1258.7025pt x 997.7275pt>

File: images/3_Queued_assembly_hours_evolution.png Graphic file (type png)
<use images/3_Queued_assembly_hours_evolution.png>
Package pdftex.def Info: images/3_Queued_assembly_hours_evolution.png  used on 
input line 409.
(pdftex.def)             Requested size: 300.29344pt x 238.02843pt.
 [9 <./images/1_Assembly_capacity_expansion.png> <./images/2_Total_daily_assemb
ly_capacity.png>]
Underfull \hbox (badness 1953) in paragraph at lines 436--437
[]\T1/lmr/bx/n/10 (+20) Assembly line scal-ing ta-ble: \T1/lmr/m/n/10 (+20) A t
a-ble map-ping \T1/lmtt/m/n/10 backlog_days \T1/lmr/m/n/10 (+20) and \T1/lmtt/m
/n/10 demand_modifier \T1/lmr/m/n/10 (+20) to
 []

LaTeX Font Info:    Font shape `T1/lmtt/bx/n' in size <12> not available
(Font)              Font shape `T1/lmtt/b/n' tried instead on input line 441.
[10 <./images/3_Queued_assembly_hours_evolution.png>]
<images/2_Supplier_stock_per_component.png, id=119, 1258.7025pt x 997.7275pt>
File: images/2_Supplier_stock_per_component.png Graphic file (type png)
<use images/2_Supplier_stock_per_component.png>
Package pdftex.def Info: images/2_Supplier_stock_per_component.png  used on inp
ut line 463.
(pdftex.def)             Requested size: 300.29344pt x 238.02843pt.
<images/1_Material_prices_provider_components.png, id=120, 1258.7025pt x 997.72
75pt>
File: images/1_Material_prices_provider_components.png Graphic file (type png)
<use images/1_Material_prices_provider_components.png>
Package pdftex.def Info: images/1_Material_prices_provider_components.png  used
 on input line 476.
(pdftex.def)             Requested size: 300.29344pt x 238.02843pt.
 [11 <./images/2_Supplier_stock_per_component.png>]
LaTeX Font Info:    Font shape `T1/lmtt/bx/n' in size <10> not available
(Font)              Font shape `T1/lmtt/b/n' tried instead on input line 490.
<images/2_Printer_prices.png, id=129, 1258.7025pt x 1029.8475pt>
File: images/2_Printer_prices.png Graphic file (type png)
<use images/2_Printer_prices.png>
Package pdftex.def Info: images/2_Printer_prices.png  used on input line 521.
(pdftex.def)             Requested size: 300.29344pt x 245.69131pt.
 [12 <./images/1_Material_prices_provider_components.png>]
<images/3_Retailer_stock_per_product.png, id=141, 1258.7025pt x 997.7275pt>
File: images/3_Retailer_stock_per_product.png Graphic file (type png)
<use images/3_Retailer_stock_per_product.png>
Package pdftex.def Info: images/3_Retailer_stock_per_product.png  used on input
 line 527.
(pdftex.def)             Requested size: 300.29344pt x 238.02843pt.
LaTeX Font Info:    Trying to load font information for OT1+lmr on input line 5
38.
 (C:\Users\emman\AppData\Local\Programs\MiKTeX\tex/latex/lm\ot1lmr.fd
File: ot1lmr.fd 2015/05/01 v1.6.1 Font defs for Latin Modern
)
LaTeX Font Info:    Trying to load font information for OML+lmm on input line 5
38.

(C:\Users\emman\AppData\Local\Programs\MiKTeX\tex/latex/lm\omllmm.fd
File: omllmm.fd 2015/05/01 v1.6.1 Font defs for Latin Modern
)
LaTeX Font Info:    Trying to load font information for OMS+lmsy on input line 
538.

(C:\Users\emman\AppData\Local\Programs\MiKTeX\tex/latex/lm\omslmsy.fd
File: omslmsy.fd 2015/05/01 v1.6.1 Font defs for Latin Modern
)
LaTeX Font Info:    Trying to load font information for OMX+lmex on input line 
538.

(C:\Users\emman\AppData\Local\Programs\MiKTeX\tex/latex/lm\omxlmex.fd
File: omxlmex.fd 2015/05/01 v1.6.1 Font defs for Latin Modern
)
LaTeX Font Info:    External font `lmex10' loaded for size
(Font)              <10> on input line 538.
LaTeX Font Info:    External font `lmex10' loaded for size
(Font)              <7> on input line 538.
LaTeX Font Info:    External font `lmex10' loaded for size
(Font)              <5> on input line 538.
LaTeX Font Info:    Trying to load font information for U+msa on input line 538
.

(C:\Users\emman\AppData\Local\Programs\MiKTeX\tex/latex/amsfonts\umsa.fd
File: umsa.fd 2013/01/14 v3.01 AMS symbols A
)
(C:\Users\emman\AppData\Local\Programs\MiKTeX\tex/latex/microtype\mt-msa.cfg
File: mt-msa.cfg 2006/02/04 v1.1 microtype config. file: AMS symbols (a) (RS)
)
LaTeX Font Info:    Trying to load font information for U+msb on input line 538
.

(C:\Users\emman\AppData\Local\Programs\MiKTeX\tex/latex/amsfonts\umsb.fd
File: umsb.fd 2013/01/14 v3.01 AMS symbols B
)
(C:\Users\emman\AppData\Local\Programs\MiKTeX\tex/latex/microtype\mt-msb.cfg
File: mt-msb.cfg 2005/06/01 v1.0 microtype config. file: AMS symbols (b) (RS)
)
[13 <./images/2_Printer_prices.png> <./images/3_Retailer_stock_per_product.png>
]
<images/1_Inventory_across_the_chain.png, id=153, 2563.5775pt x 997.7275pt>
File: images/1_Inventory_across_the_chain.png Graphic file (type png)
<use images/1_Inventory_across_the_chain.png>
Package pdftex.def Info: images/1_Inventory_across_the_chain.png  used on input
 line 580.
(pdftex.def)             Requested size: 300.29344pt x 116.86pt.
File: images/3_Retailer_stock_per_product.png Graphic file (type png)
<use images/3_Retailer_stock_per_product.png>
Package pdftex.def Info: images/3_Retailer_stock_per_product.png  used on input
 line 586.
(pdftex.def)             Requested size: 300.29344pt x 238.02843pt.
 [14{C:/Users/emman/AppData/Local/Programs/MiKTeX/fonts/enc/dvips/lm/lm-mathsy.
enc} <./images/1_Inventory_across_the_chain.png>]
<images/1_Daily_customer_demand_outcomes.png, id=168, 2563.5775pt x 997.7275pt>

File: images/1_Daily_customer_demand_outcomes.png Graphic file (type png)
<use images/1_Daily_customer_demand_outcomes.png>
Package pdftex.def Info: images/1_Daily_customer_demand_outcomes.png  used on i
nput line 607.
(pdftex.def)             Requested size: 450.43253pt x 175.30522pt.
<images/8_Blocked_by_material_shortage_evolution.png, id=169, 1258.7025pt x 997
.7275pt>
File: images/8_Blocked_by_material_shortage_evolution.png Graphic file (type pn
g)
<use images/8_Blocked_by_material_shortage_evolution.png>
Package pdftex.def Info: images/8_Blocked_by_material_shortage_evolution.png  u
sed on input line 613.
(pdftex.def)             Requested size: 300.29344pt x 238.02843pt.
 [15 <./images/1_Daily_customer_demand_outcomes.png>]
File: images/2_Printer_prices.png Graphic file (type png)
<use images/2_Printer_prices.png>
Package pdftex.def Info: images/2_Printer_prices.png  used on input line 670.
(pdftex.def)             Requested size: 300.29344pt x 245.69131pt.
 [16 <./images/8_Blocked_by_material_shortage_evolution.png>]
<images/3_Scenario_events_timeline.png, id=185, 1258.7025pt x 1029.8475pt>
File: images/3_Scenario_events_timeline.png Graphic file (type png)
<use images/3_Scenario_events_timeline.png>
Package pdftex.def Info: images/3_Scenario_events_timeline.png  used on input l
ine 713.
(pdftex.def)             Requested size: 300.29344pt x 245.69131pt.
 [17]
<images/5_Financial_performance.png, id=193, 1258.7025pt x 997.7275pt>
File: images/5_Financial_performance.png Graphic file (type png)
<use images/5_Financial_performance.png>
Package pdftex.def Info: images/5_Financial_performance.png  used on input line
 737.
(pdftex.def)             Requested size: 300.29344pt x 238.02843pt.
 [18 <./images/3_Scenario_events_timeline.png>]
<images/6_Net_profit_evolution.png, id=201, 1258.7025pt x 997.7275pt>
File: images/6_Net_profit_evolution.png Graphic file (type png)
<use images/6_Net_profit_evolution.png>
Package pdftex.def Info: images/6_Net_profit_evolution.png  used on input line 
743.
(pdftex.def)             Requested size: 300.29344pt x 238.02843pt.
<images/comparison_prices_over_time.png, id=202, 1156.32pt x 361.35pt>
File: images/comparison_prices_over_time.png Graphic file (type png)
<use images/comparison_prices_over_time.png>
Package pdftex.def Info: images/comparison_prices_over_time.png  used on input 
line 764.
(pdftex.def)             Requested size: 450.43253pt x 140.76051pt.
 [19 <./images/5_Financial_performance.png> <./images/6_Net_profit_evolution.pn
g>]
<images/comparison_inventory_over_time.png, id=213, 1156.32pt x 361.35pt>
File: images/comparison_inventory_over_time.png Graphic file (type png)
<use images/comparison_inventory_over_time.png>
Package pdftex.def Info: images/comparison_inventory_over_time.png  used on inp
ut line 770.
(pdftex.def)             Requested size: 450.43253pt x 140.76051pt.
<images/comparison_order_fulfillment.png, id=214, 1156.32pt x 361.35pt>
File: images/comparison_order_fulfillment.png Graphic file (type png)
<use images/comparison_order_fulfillment.png>
Package pdftex.def Info: images/comparison_order_fulfillment.png  used on input
 line 776.
(pdftex.def)             Requested size: 450.43253pt x 140.76051pt.
 [20 <./images/comparison_prices_over_time.png> <./images/comparison_inventory_
over_time.png> <./images/comparison_order_fulfillment.png>] [21] [22]
<images/grafico.png, id=240, 2431.0825pt x 1086.0575pt>
File: images/grafico.png Graphic file (type png)
<use images/grafico.png>
Package pdftex.def Info: images/grafico.png  used on input line 905.
(pdftex.def)             Requested size: 681.15898pt x 304.29288pt.
 [23

 <./images/grafico.png (PNG copy)>] (main.aux)
 ***********
LaTeX2e <2025-11-01>
L3 programming layer <2025-12-24>
 ***********


LaTeX Warning: There were multiply-defined labels.

 ) 
Here is how much of TeX's memory you used:
 14937 strings out of 467871
 242645 string characters out of 5418376
 693087 words of memory out of 5000000
 43323 multiletter control sequences out of 15000+600000
 677927 words of font info for 151 fonts, out of 8000000 for 9000
 1141 hyphenation exceptions out of 8191
 89i,8n,95p,1003b,641s stack positions out of 10000i,1000n,20000p,200000b,200000s
<C:/Users/emman/AppData/Local/Programs/MiKTeX/fonts/type1/public/lm/lmbx10.pf
b><C:/Users/emman/AppData/Local/Programs/MiKTeX/fonts/type1/public/lm/lmbx12.pf
b><C:/Users/emman/AppData/Local/Programs/MiKTeX/fonts/type1/public/lm/lmr10.pfb
><C:/Users/emman/AppData/Local/Programs/MiKTeX/fonts/type1/public/lm/lmri10.pfb
><C:/Users/emman/AppData/Local/Programs/MiKTeX/fonts/type1/public/lm/lmsy10.pfb
><C:/Users/emman/AppData/Local/Programs/MiKTeX/fonts/type1/public/lm/lmtk10.pfb
><C:/Users/emman/AppData/Local/Programs/MiKTeX/fonts/type1/public/lm/lmtt10.pfb
>
Output written on main.pdf (23 pages, 7863842 bytes).
PDF statistics:
 393 PDF objects out of 1000 (max. 8388607)
 103 named destinations out of 1000 (max. 500000)
 29042 words of extra memory for PDF output out of 29859 (max. 10000000)

